../Core/Src/main.c:803:13:MX_GPIO_Init	64	static
../Core/Src/main.c:228:7:SHT4x_ReadTemperature	40	static
../Core/Src/main.c:246:7:SHT4x_ReadHumidity	40	static
../Core/Src/main.c:262:6:i2c_scanner	88	static
../Core/Src/main.c:290:6:UartPrint	16	static
../Core/Src/main.c:889:6:Error_Handler	0	static,ignoring_inline_asm
../Core/Src/main.c:347:13:MX_CAN1_Init	8	static
../Core/Src/main.c:384:13:MX_CAN2_Init	8	static
../Core/Src/main.c:421:13:MX_I2C1_Init	8	static
../Core/Src/main.c:455:13:MX_I2C2_Init	8	static
../Core/Src/main.c:489:13:MX_SPI1_Init	8	static
../Core/Src/main.c:599:13:MX_TIM3_Init	80	static
../Core/Src/main.c:671:13:MX_UART5_Init	8	static
../Core/Src/main.c:704:13:MX_USART1_UART_Init	8	static
../Core/Src/main.c:737:13:MX_USART2_UART_Init	8	static
../Core/Src/main.c:770:13:MX_USART3_UART_Init	8	static
../Core/Src/main.c:527:13:MX_TIM2_Init	80	static
../Core/Src/main.c:299:6:SystemClock_Config	88	static
../Core/Src/main.c:103:5:main	88	static
