../Core/Src/stm32f1xx_hal_msp.c:65:6:HAL_MspInit	8	static
../Core/Src/stm32f1xx_hal_msp.c:93:6:HAL_CAN_MspInit	48	static
../Core/Src/stm32f1xx_hal_msp.c:180:6:HAL_CAN_MspDeInit	8	static
../Core/Src/stm32f1xx_hal_msp.c:242:6:HAL_I2C_MspInit	40	static
../Core/Src/stm32f1xx_hal_msp.c:300:6:HAL_I2C_MspDeInit	8	static
../Core/Src/stm32f1xx_hal_msp.c:351:6:HAL_SPI_MspInit	32	static
../Core/Src/stm32f1xx_hal_msp.c:392:6:HAL_SPI_MspDeInit	8	static
../Core/Src/stm32f1xx_hal_msp.c:423:6:HAL_TIM_Base_MspInit	40	static
../Core/Src/stm32f1xx_hal_msp.c:473:6:HAL_TIM_MspPostInit	32	static
../Core/Src/stm32f1xx_hal_msp.c:523:6:HAL_TIM_Base_MspDeInit	8	static
../Core/Src/stm32f1xx_hal_msp.c:570:6:HAL_UART_MspInit	72	static
../Core/Src/stm32f1xx_hal_msp.c:704:6:HAL_UART_MspDeInit	8	static
